// Vitest Snapshot v1, https://vitest.dev/guide/snapshot.html

exports[`<File.FileInput> > renders File.FileInput correctly 1`] = `
<DocumentFragment>
  <li
    class="af-form__file-line"
  >
    <i
      class="glyphicon glyphicon-file"
    />
    <span>
      name
    </span>
    <span>
      1
    </span>
    <button
      class="af-link af-link--delete-file"
      type="button"
    >
      <span
        class="af-link__text"
      >
        Supprimer
      </span>
    </button>
  </li>
</DocumentFragment>
`;
